npm warn deprecated @nextui-org/react@2.6.11: This package has been deprecated. Please use @heroui/react instead.
npm warn deprecated @nextui-org/ripple@2.2.7: This package has been deprecated. Please use @heroui/ripple instead.
npm warn deprecated @nextui-org/code@2.2.6: This package has been deprecated. Please use @heroui/code instead.
npm warn deprecated @nextui-org/skeleton@2.2.5: This package has been deprecated. Please use @heroui/skeleton instead.
npm warn deprecated @nextui-org/scroll-shadow@2.3.5: This package has been deprecated. Please use @heroui/scroll-shadow instead.
npm warn deprecated @nextui-org/spinner@2.2.6: This package has been deprecated. Please use @heroui/spinner instead.
npm warn deprecated @nextui-org/image@2.2.5: This package has been deprecated. Please use @heroui/image instead.
npm warn deprecated @nextui-org/drawer@2.2.7: This package has been deprecated. Please use @heroui/drawer instead.
npm warn deprecated @nextui-org/chip@2.2.6: This package has been deprecated. Please use @heroui/chip instead.
npm warn deprecated @nextui-org/switch@2.2.8: This package has been deprecated. Please use @heroui/switch instead.
npm warn deprecated @nextui-org/badge@2.2.5: This package has been deprecated. Please use @heroui/badge instead.
npm warn deprecated @nextui-org/user@2.2.6: This package has been deprecated. Please use @heroui/user instead.
npm warn deprecated @nextui-org/alert@2.2.9: This package has been deprecated. Please use @heroui/alert instead.
npm warn deprecated @nextui-org/tooltip@2.2.7: This package has been deprecated. Please use @heroui/tooltip instead.
npm warn deprecated @nextui-org/snippet@2.2.10: This package has been deprecated. Please use @heroui/snippet instead.
npm warn deprecated @nextui-org/autocomplete@2.3.9: This package has been deprecated. Please use @heroui/autocomplete instead.
npm warn deprecated @nextui-org/spacer@2.2.6: This package has been deprecated. Please use @heroui/spacer instead.
npm warn deprecated @nextui-org/form@2.1.8: This package has been deprecated. Please use @heroui/form instead.
npm warn deprecated @nextui-org/divider@2.2.5: This package has been deprecated. Please use @heroui/divider instead.
npm warn deprecated @nextui-org/kbd@2.2.6: This package has been deprecated. Please use @heroui/kbd instead.
npm warn deprecated @nextui-org/link@2.2.7: This package has been deprecated. Please use @heroui/link instead.
npm warn deprecated @nextui-org/input@2.4.8: This package has been deprecated. Please use @heroui/input instead.
npm warn deprecated @nextui-org/select@2.4.9: This package has been deprecated. Please use @heroui/select instead.
npm warn deprecated @nextui-org/breadcrumbs@2.2.6: This package has been deprecated. Please use @heroui/breadcrumbs instead.
npm warn deprecated @nextui-org/progress@2.2.6: This package has been deprecated. Please use @heroui/progress instead.
npm warn deprecated @nextui-org/input-otp@2.1.8: This package has been deprecated. Please use @heroui/input-otp instead.
npm warn deprecated @nextui-org/slider@2.4.7: This package has been deprecated. Please use @heroui/slider instead.
npm warn deprecated @nextui-org/button@2.2.9: This package has been deprecated. Please use @heroui/button instead.
npm warn deprecated @nextui-org/dropdown@2.3.9: This package has been deprecated. Please use @heroui/dropdown instead.
npm warn deprecated @nextui-org/radio@2.3.8: This package has been deprecated. Please use @heroui/radio instead.
npm warn deprecated @nextui-org/tabs@2.2.7: This package has been deprecated. Please use @heroui/tabs instead.
npm warn deprecated @nextui-org/pagination@2.2.8: This package has been deprecated. Please use @heroui/pagination instead.
npm warn deprecated @nextui-org/accordion@2.2.7: This package has been deprecated. Please use @heroui/accordion instead.
npm warn deprecated @nextui-org/card@2.2.9: This package has been deprecated. Please use @heroui/card instead.
npm warn deprecated @nextui-org/avatar@2.2.6: This package has been deprecated. Please use @heroui/avatar instead.
npm warn deprecated @nextui-org/checkbox@2.3.8: This package has been deprecated. Please use @heroui/checkbox instead.
npm warn deprecated @nextui-org/date-picker@2.3.9: This package has been deprecated. Please use @heroui/date-picker instead.
npm warn deprecated @nextui-org/popover@2.3.9: This package has been deprecated. Please use @heroui/popover instead.
npm warn deprecated @nextui-org/date-input@2.3.8: This package has been deprecated. Please use @heroui/date-input instead.
npm warn deprecated @nextui-org/modal@2.2.7: This package has been deprecated. Please use @heroui/modal instead.
npm warn deprecated @nextui-org/menu@2.2.9: This package has been deprecated. Please use @heroui/menu instead.
npm warn deprecated @nextui-org/listbox@2.3.9: This package has been deprecated. Please use @heroui/listbox instead.
npm warn deprecated @nextui-org/navbar@2.2.8: This package has been deprecated. Please use @heroui/navbar instead.
npm warn deprecated @nextui-org/table@2.2.8: This package has been deprecated. Please use @heroui/table instead.
npm warn deprecated @nextui-org/calendar@2.2.9: This package has been deprecated. Please use @heroui/calendar instead.

added 401 packages, and audited 402 packages in 1m

34 packages are looking for funding
  run `npm fund` for details

4 vulnerabilities (3 moderate, 1 high)

To address all issues (including breaking changes), run:
  npm audit fix --force

Run `npm audit` for details.
